
Shree@DESKTOP-D72D665 MINGW64 ~/Desktop/FDJB146
$ git version
git version 2.37.1.windows.1


Shree@DESKTOP-D72D665 MINGW64 ~/Desktop/New folder
$ git config --global user.name "abc"

Shree@DESKTOP-D72D665 MINGW64 ~/Desktop/New folder
$ git config --global user.email "abc@gmail.com"


Shree@DESKTOP-D72D665 MINGW64 ~/Desktop/FDJ B147
$ git init
Initialized empty Git repository in C:/Users/Shree/Desktop/FDJ B147/.git/

Shree@DESKTOP-D72D665 MINGW64 ~/Desktop/FDJ B147 (master)
$ git remote add origin "https://github.com/cjcnkolhe/CalculatorApp.git"

Shree@DESKTOP-D72D665 MINGW64 ~/Desktop/FDJ B147 (master)
$ git pull origin master
remote: Enumerating objects: 3, done.
remote: Counting objects: 100% (3/3), done.
remote: Total 3 (delta 0), reused 0 (delta 0), pack-reused 0
Unpacking objects: 100% (3/3), 599 bytes | 33.00 KiB/s, done.
From https://github.com/cjcnkolhe/CalculatorApp
 * branch            master     -> FETCH_HEAD
 * [new branch]      master     -> origin/master

Shree@DESKTOP-D72D665 MINGW64 ~/Desktop/FDJ B147 (master)
$ git add A.java

Shree@DESKTOP-D72D665 MINGW64 ~/Desktop/FDJ B147 (master)
$ git commit -m "create addition class commited.."
[master c98b379] create addition class commited..
 1 file changed, 6 insertions(+)
 create mode 100644 A.java

Shree@DESKTOP-D72D665 MINGW64 ~/Desktop/FDJ B147 (master)
$ git push origin master
Enumerating objects: 4, done.
Counting objects: 100% (4/4), done.
Delta compression using up to 4 threads
Compressing objects: 100% (2/2), done.
Writing objects: 100% (3/3), 308 bytes | 308.00 KiB/s, done.
Total 3 (delta 0), reused 0 (delta 0), pack-reused 0
To https://github.com/cjcnkolhe/CalculatorApp.git
   3609e56..c98b379  master -> master

Shree@DESKTOP-D72D665 MINGW64 ~/Desktop/FDJ B147 (master)
$ git status
On branch master
Untracked files:
  (use "git add <file>..." to include in what will be committed)
        B.java

nothing added to commit but untracked files present (use "git add" to track)

Shree@DESKTOP-D72D665 MINGW64 ~/Desktop/FDJ B147 (master)
$ git add B.java

Shree@DESKTOP-D72D665 MINGW64 ~/Desktop/FDJ B147 (master)
$ git status
On branch master
Changes to be committed:
  (use "git restore --staged <file>..." to unstage)
        new file:   B.java


Shree@DESKTOP-D72D665 MINGW64 ~/Desktop/FDJ B147 (master)
$ git commit -m "subtraction.java file commited"
[master 13d7dfd] subtraction.java file commited
 1 file changed, 7 insertions(+)
 create mode 100644 B.java

Shree@DESKTOP-D72D665 MINGW64 ~/Desktop/FDJ B147 (master)
$ git status
On branch master
nothing to commit, working tree clean

Shree@DESKTOP-D72D665 MINGW64 ~/Desktop/FDJ B147 (master)
$ git push origin master
Enumerating objects: 4, done.
Counting objects: 100% (4/4), done.
Delta compression using up to 4 threads
Compressing objects: 100% (2/2), done.
Writing objects: 100% (3/3), 336 bytes | 336.00 KiB/s, done.
Total 3 (delta 0), reused 0 (delta 0), pack-reused 0
To https://github.com/cjcnkolhe/CalculatorApp.git
   c98b379..13d7dfd  master -> master

Shree@DESKTOP-D72D665 MINGW64 ~/Desktop/FDJ B147 (master)
$ git pull origin master
From https://github.com/cjcnkolhe/CalculatorApp
 * branch            master     -> FETCH_HEAD
Already up to date.

Shree@DESKTOP-D72D665 MINGW64 ~/Desktop/FDJ B147 (master)
$
